

QoS Summary for SINGLECORE
================================================================================
Metric                          map             incremental    
================================================================================
Slack (ps):                   870,964         870,966
  R2R (ps):                   870,964         870,966
  I2R (ps):                  no_value        no_value
  R2O (ps):                  no_value        no_value
  I2O (ps):                  no_value        no_value
  CG  (ps):                  no_value        no_value
TNS (ps):                           0               0
  R2R (ps):                         0               0
  I2R (ps):                  no_value        no_value
  R2O (ps):                  no_value        no_value
  I2O (ps):                  no_value        no_value
  CG  (ps):                  no_value        no_value
Failing Paths:                      0               0
Cell Area:                    132,974         132,893
Total Cell Area:              132,974         132,893
Leaf Instances:                 4,075           4,066
Total Instances:                4,075           4,066
Utilization (%):                 0.00            0.00
Tot. Net Length (um):        no_value        no_value
Avg. Net Length (um):        no_value        no_value
Route Overflow H (%):        no_value        no_value
Route Overflow V (%):        no_value        no_value
MBCI(%) (bits/gate) :            0.00            0.00
Norm Cong Hotspot Area:
  Max Cong:                  no_value        no_value
  Tot Cong:                  no_value        no_value
================================================================================
CPU  Runtime (h:m:s):        00:01:52        00:00:13
Real Runtime (h:m:s):        00:01:57        00:00:17
CPU  Elapsed (h:m:s):        00:01:56        00:02:09
Real Elapsed (h:m:s):        00:01:57        00:02:15
Memory (MB):                  1445.75         1445.75
================================================================================
================================================================================
Flow Settings:
================================================================================
Total Runtime (h:m:s): 00:02:18
Total Memory (MB):     1445.75
Executable Version:    21.17-s066_1
================================================================================
Total Cell Area =  Cell Area + Physical Cell Area
Total Instances =  Leaf Instances + Physical Instances


